// Jest Snapshot v1, https://goo.gl/fbAQLP

exports[`<SearchScreen /> debe de mostrarse correctamente con valores por defecto 1`] = `
<div
  className="p-4"
  data-testid="SearchScreen"
>
  <div
    className="grid grid-cols-1 md:grid-cols-3"
  >
    <div
      className="text-white"
    >
      <div
        className="w-11/12 mx-auto my-8 lg:w-9/12"
      >
        <div
          className="p-5 rounded-xl lg:p-14 bg-heroBlackSecondary"
        >
          <form
            onSubmit={[Function]}
          >
            <div
              className="flex flex-col my-2"
            >
              <label
                className="text-base font-bold"
                htmlFor="search"
              >
                Busca un Heroe
              </label>
              <input
                autoComplete="off"
                className="p-2 my-2 border-none rounded-lg outline-none bg-heroBlack text-heroWhite"
                id="search"
                name="search"
                onChange={[Function]}
                placeholder="Ingresa una busqueda"
                type="text"
                value=""
              />
              <button
                className="w-full px-3 py-2 my-2 font-bold duration-75 ease-out delay-75 transform scale-100 bg-green-600 rounded-full active:scale-75 active:bg-green-800 "
                type="submit"
              >
                Buscar
              </button>
            </div>
          </form>
        </div>
      </div>
    </div>
    <div
      className="col-span-2 p-2 mx-4"
    >
      <h2
        className="my-4 text-4xl font-bold text-center"
      >
        All Heroes
      </h2>
      <div
        className="grid grid-cols-1 grid-rows-1 gap-6 md:grid-cols-2 lg:grid-cols-2"
      >
        <a
          className="inline-flex flex-wrap overflow-hidden bg-gray-100 shadow-lg rounded-xl"
          data-testid="HeroCard"
          href="/hero/dc-batman"
          onClick={[Function]}
        >
          <img
            alt="dc-batman"
            className="object-cover w-full rounded-b-none rounded-xl h-96 card-heroe-filter"
            loading="lazy"
            src="/assets/heroes/dc-batman.jpg"
          />
          <div
            className="block w-full px-3 py-2 text-lg font-bold text-center text-white duration-300 ease-in-out delay-75 transform bg-black"
          >
            Batman
          </div>
        </a>
        <a
          className="inline-flex flex-wrap overflow-hidden bg-gray-100 shadow-lg rounded-xl"
          data-testid="HeroCard"
          href="/hero/dc-superman"
          onClick={[Function]}
        >
          <img
            alt="dc-superman"
            className="object-cover w-full rounded-b-none rounded-xl h-96 card-heroe-filter"
            loading="lazy"
            src="/assets/heroes/dc-superman.jpg"
          />
          <div
            className="block w-full px-3 py-2 text-lg font-bold text-center text-white duration-300 ease-in-out delay-75 transform bg-black"
          >
            Superman
          </div>
        </a>
        <a
          className="inline-flex flex-wrap overflow-hidden bg-gray-100 shadow-lg rounded-xl"
          data-testid="HeroCard"
          href="/hero/dc-flash"
          onClick={[Function]}
        >
          <img
            alt="dc-flash"
            className="object-cover w-full rounded-b-none rounded-xl h-96 card-heroe-filter"
            loading="lazy"
            src="/assets/heroes/dc-flash.jpg"
          />
          <div
            className="block w-full px-3 py-2 text-lg font-bold text-center text-white duration-300 ease-in-out delay-75 transform bg-black"
          >
            Flash
          </div>
        </a>
        <a
          className="inline-flex flex-wrap overflow-hidden bg-gray-100 shadow-lg rounded-xl"
          data-testid="HeroCard"
          href="/hero/dc-green"
          onClick={[Function]}
        >
          <img
            alt="dc-green"
            className="object-cover w-full rounded-b-none rounded-xl h-96 card-heroe-filter"
            loading="lazy"
            src="/assets/heroes/dc-green.jpg"
          />
          <div
            className="block w-full px-3 py-2 text-lg font-bold text-center text-white duration-300 ease-in-out delay-75 transform bg-black"
          >
            Green Lantern
          </div>
        </a>
        <a
          className="inline-flex flex-wrap overflow-hidden bg-gray-100 shadow-lg rounded-xl"
          data-testid="HeroCard"
          href="/hero/dc-arrow"
          onClick={[Function]}
        >
          <img
            alt="dc-arrow"
            className="object-cover w-full rounded-b-none rounded-xl h-96 card-heroe-filter"
            loading="lazy"
            src="/assets/heroes/dc-arrow.jpg"
          />
          <div
            className="block w-full px-3 py-2 text-lg font-bold text-center text-white duration-300 ease-in-out delay-75 transform bg-black"
          >
            Green Arrow
          </div>
        </a>
        <a
          className="inline-flex flex-wrap overflow-hidden bg-gray-100 shadow-lg rounded-xl"
          data-testid="HeroCard"
          href="/hero/dc-wonder"
          onClick={[Function]}
        >
          <img
            alt="dc-wonder"
            className="object-cover w-full rounded-b-none rounded-xl h-96 card-heroe-filter"
            loading="lazy"
            src="/assets/heroes/dc-wonder.jpg"
          />
          <div
            className="block w-full px-3 py-2 text-lg font-bold text-center text-white duration-300 ease-in-out delay-75 transform bg-black"
          >
            Wonder Woman
          </div>
        </a>
        <a
          className="inline-flex flex-wrap overflow-hidden bg-gray-100 shadow-lg rounded-xl"
          data-testid="HeroCard"
          href="/hero/dc-martian"
          onClick={[Function]}
        >
          <img
            alt="dc-martian"
            className="object-cover w-full rounded-b-none rounded-xl h-96 card-heroe-filter"
            loading="lazy"
            src="/assets/heroes/dc-martian.jpg"
          />
          <div
            className="block w-full px-3 py-2 text-lg font-bold text-center text-white duration-300 ease-in-out delay-75 transform bg-black"
          >
            Martian Manhunter
          </div>
        </a>
        <a
          className="inline-flex flex-wrap overflow-hidden bg-gray-100 shadow-lg rounded-xl"
          data-testid="HeroCard"
          href="/hero/dc-robin"
          onClick={[Function]}
        >
          <img
            alt="dc-robin"
            className="object-cover w-full rounded-b-none rounded-xl h-96 card-heroe-filter"
            loading="lazy"
            src="/assets/heroes/dc-robin.jpg"
          />
          <div
            className="block w-full px-3 py-2 text-lg font-bold text-center text-white duration-300 ease-in-out delay-75 transform bg-black"
          >
            Robin/Nightwing
          </div>
        </a>
        <a
          className="inline-flex flex-wrap overflow-hidden bg-gray-100 shadow-lg rounded-xl"
          data-testid="HeroCard"
          href="/hero/dc-blue"
          onClick={[Function]}
        >
          <img
            alt="dc-blue"
            className="object-cover w-full rounded-b-none rounded-xl h-96 card-heroe-filter"
            loading="lazy"
            src="/assets/heroes/dc-blue.jpg"
          />
          <div
            className="block w-full px-3 py-2 text-lg font-bold text-center text-white duration-300 ease-in-out delay-75 transform bg-black"
          >
            Blue Beetle
          </div>
        </a>
        <a
          className="inline-flex flex-wrap overflow-hidden bg-gray-100 shadow-lg rounded-xl"
          data-testid="HeroCard"
          href="/hero/dc-black"
          onClick={[Function]}
        >
          <img
            alt="dc-black"
            className="object-cover w-full rounded-b-none rounded-xl h-96 card-heroe-filter"
            loading="lazy"
            src="/assets/heroes/dc-black.jpg"
          />
          <div
            className="block w-full px-3 py-2 text-lg font-bold text-center text-white duration-300 ease-in-out delay-75 transform bg-black"
          >
            Black Canary
          </div>
        </a>
        <a
          className="inline-flex flex-wrap overflow-hidden bg-gray-100 shadow-lg rounded-xl"
          data-testid="HeroCard"
          href="/hero/marvel-spider"
          onClick={[Function]}
        >
          <img
            alt="marvel-spider"
            className="object-cover w-full rounded-b-none rounded-xl h-96 card-heroe-filter"
            loading="lazy"
            src="/assets/heroes/marvel-spider.jpg"
          />
          <div
            className="block w-full px-3 py-2 text-lg font-bold text-center text-white duration-300 ease-in-out delay-75 transform bg-black"
          >
            Spider Man
          </div>
        </a>
        <a
          className="inline-flex flex-wrap overflow-hidden bg-gray-100 shadow-lg rounded-xl"
          data-testid="HeroCard"
          href="/hero/marvel-captain"
          onClick={[Function]}
        >
          <img
            alt="marvel-captain"
            className="object-cover w-full rounded-b-none rounded-xl h-96 card-heroe-filter"
            loading="lazy"
            src="/assets/heroes/marvel-captain.jpg"
          />
          <div
            className="block w-full px-3 py-2 text-lg font-bold text-center text-white duration-300 ease-in-out delay-75 transform bg-black"
          >
            Captain America
          </div>
        </a>
        <a
          className="inline-flex flex-wrap overflow-hidden bg-gray-100 shadow-lg rounded-xl"
          data-testid="HeroCard"
          href="/hero/marvel-iron"
          onClick={[Function]}
        >
          <img
            alt="marvel-iron"
            className="object-cover w-full rounded-b-none rounded-xl h-96 card-heroe-filter"
            loading="lazy"
            src="/assets/heroes/marvel-iron.jpg"
          />
          <div
            className="block w-full px-3 py-2 text-lg font-bold text-center text-white duration-300 ease-in-out delay-75 transform bg-black"
          >
            Iron Man
          </div>
        </a>
        <a
          className="inline-flex flex-wrap overflow-hidden bg-gray-100 shadow-lg rounded-xl"
          data-testid="HeroCard"
          href="/hero/marvel-thor"
          onClick={[Function]}
        >
          <img
            alt="marvel-thor"
            className="object-cover w-full rounded-b-none rounded-xl h-96 card-heroe-filter"
            loading="lazy"
            src="/assets/heroes/marvel-thor.jpg"
          />
          <div
            className="block w-full px-3 py-2 text-lg font-bold text-center text-white duration-300 ease-in-out delay-75 transform bg-black"
          >
            Thor
          </div>
        </a>
        <a
          className="inline-flex flex-wrap overflow-hidden bg-gray-100 shadow-lg rounded-xl"
          data-testid="HeroCard"
          href="/hero/marvel-hulk"
          onClick={[Function]}
        >
          <img
            alt="marvel-hulk"
            className="object-cover w-full rounded-b-none rounded-xl h-96 card-heroe-filter"
            loading="lazy"
            src="/assets/heroes/marvel-hulk.jpg"
          />
          <div
            className="block w-full px-3 py-2 text-lg font-bold text-center text-white duration-300 ease-in-out delay-75 transform bg-black"
          >
            Hulk
          </div>
        </a>
        <a
          className="inline-flex flex-wrap overflow-hidden bg-gray-100 shadow-lg rounded-xl"
          data-testid="HeroCard"
          href="/hero/marvel-wolverine"
          onClick={[Function]}
        >
          <img
            alt="marvel-wolverine"
            className="object-cover w-full rounded-b-none rounded-xl h-96 card-heroe-filter"
            loading="lazy"
            src="/assets/heroes/marvel-wolverine.jpg"
          />
          <div
            className="block w-full px-3 py-2 text-lg font-bold text-center text-white duration-300 ease-in-out delay-75 transform bg-black"
          >
            Wolverine
          </div>
        </a>
        <a
          className="inline-flex flex-wrap overflow-hidden bg-gray-100 shadow-lg rounded-xl"
          data-testid="HeroCard"
          href="/hero/marvel-daredevil"
          onClick={[Function]}
        >
          <img
            alt="marvel-daredevil"
            className="object-cover w-full rounded-b-none rounded-xl h-96 card-heroe-filter"
            loading="lazy"
            src="/assets/heroes/marvel-daredevil.jpg"
          />
          <div
            className="block w-full px-3 py-2 text-lg font-bold text-center text-white duration-300 ease-in-out delay-75 transform bg-black"
          >
            Daredevil
          </div>
        </a>
        <a
          className="inline-flex flex-wrap overflow-hidden bg-gray-100 shadow-lg rounded-xl"
          data-testid="HeroCard"
          href="/hero/marvel-hawkeye"
          onClick={[Function]}
        >
          <img
            alt="marvel-hawkeye"
            className="object-cover w-full rounded-b-none rounded-xl h-96 card-heroe-filter"
            loading="lazy"
            src="/assets/heroes/marvel-hawkeye.jpg"
          />
          <div
            className="block w-full px-3 py-2 text-lg font-bold text-center text-white duration-300 ease-in-out delay-75 transform bg-black"
          >
            Hawkeye
          </div>
        </a>
        <a
          className="inline-flex flex-wrap overflow-hidden bg-gray-100 shadow-lg rounded-xl"
          data-testid="HeroCard"
          href="/hero/marvel-cyclops"
          onClick={[Function]}
        >
          <img
            alt="marvel-cyclops"
            className="object-cover w-full rounded-b-none rounded-xl h-96 card-heroe-filter"
            loading="lazy"
            src="/assets/heroes/marvel-cyclops.jpg"
          />
          <div
            className="block w-full px-3 py-2 text-lg font-bold text-center text-white duration-300 ease-in-out delay-75 transform bg-black"
          >
            Cyclops
          </div>
        </a>
        <a
          className="inline-flex flex-wrap overflow-hidden bg-gray-100 shadow-lg rounded-xl"
          data-testid="HeroCard"
          href="/hero/marvel-silver"
          onClick={[Function]}
        >
          <img
            alt="marvel-silver"
            className="object-cover w-full rounded-b-none rounded-xl h-96 card-heroe-filter"
            loading="lazy"
            src="/assets/heroes/marvel-silver.jpg"
          />
          <div
            className="block w-full px-3 py-2 text-lg font-bold text-center text-white duration-300 ease-in-out delay-75 transform bg-black"
          >
            Silver Surfer
          </div>
        </a>
      </div>
    </div>
  </div>
</div>
`;
