// Jest Snapshot v1, https://goo.gl/fbAQLP

exports[`<LoginScreen /> it should mount 1`] = `
<div
  className="text-white"
  data-testid="LoginScreen"
>
  <div
    className="w-11/12 mx-auto my-8 lg:w-9/12"
  >
    <div
      className="p-5 rounded-xl lg:p-14 bg-heroBlackSecondary"
    >
      <h2
        className="my-4 text-3xl font-bold text-center"
      >
        Login
      </h2>
      <form
        method="post"
        onSubmit={[Function]}
      >
        <div
          className="flex flex-col my-2 "
        >
          <label
            className="text-base font-bold"
            htmlFor="username"
          >
            Insert to User
          </label>
          <input
            autoComplete="off"
            className="p-2 my-1 border-none rounded-lg outline-none bg-heroBlack text-heroWhite"
            id="username"
            name="username"
            onChange={[Function]}
            placeholder="Example: user123"
            type="text"
            value=""
          />
        </div>
        <button
          className="w-full px-3 py-2 font-bold duration-75 ease-out delay-75 transform scale-100 bg-green-600 rounded-full active:scale-75 active:bg-green-800 "
          type="submit"
        >
          Login
        </button>
      </form>
    </div>
  </div>
</div>
`;
